// Jest Snapshot v1, https://goo.gl/fbAQLP

exports[`App renders correctly 1`] = `
<div
  className="app"
  onClick={[Function]}
  role="presentation"
>
  <div
    className="rectangle"
    onClick={[Function]}
    role="presentation"
    style={
      Object {
        "height": 0,
        "left": 0,
        "top": 0,
        "width": 0,
      }
    }
  />
  <div
    className="rectangle"
    onClick={[Function]}
    role="presentation"
    style={
      Object {
        "height": 0,
        "left": 0,
        "top": 0,
        "width": 0,
      }
    }
  />
</div>
`;
